---
source: tui/src/bottom_pane/mod.rs
expression: "render_snapshot(&pane, area)"
---
• 工 作 中  (0s • esc 可 中 断 )                      
                                                
                                                
› Ask Codex to do anything                      
                                                
  ? for shortcuts            100% context left
